// Jest Snapshot v1, https://goo.gl/fbAQLP

exports[`Route state component renders correctly 1`] = `
<div>
  <span>
    0
  </span>
  <button>
    change
  </button>
</div>
`;
